// Jest Snapshot v1, https://goo.gl/fbAQLP

exports[`Test the default deployment snapshot 1`] = `
Object {
  "Resources": Object {
    "testcloudfrontmediastoreCloudFrontDistributionED9265B1": Object {
      "Metadata": Object {
        "cfn_nag": Object {
          "rules_to_suppress": Array [
            Object {
              "id": "W70",
              "reason": "Since the distribution uses the CloudFront domain name, CloudFront automatically sets the security policy to TLSv1 regardless of the value of MinimumProtocolVersion",
            },
          ],
        },
      },
      "Properties": Object {
        "DistributionConfig": Object {
          "DefaultCacheBehavior": Object {
            "AllowedMethods": Array [
              "GET",
              "HEAD",
              "OPTIONS",
            ],
            "CachePolicyId": "658327ea-f89d-4fab-a63d-7e88639e58f6",
            "CachedMethods": Array [
              "GET",
              "HEAD",
              "OPTIONS",
            ],
            "Compress": true,
            "FunctionAssociations": Array [
              Object {
                "EventType": "viewer-response",
                "FunctionARN": Object {
                  "Fn::GetAtt": Array [
                    "testcloudfrontmediastoreSetHttpSecurityHeaders9995A63D",
                    "FunctionARN",
                  ],
                },
              },
            ],
            "OriginRequestPolicyId": Object {
              "Ref": "testcloudfrontmediastoreCloudfrontOriginRequestPolicyA1D988D3",
            },
            "TargetOriginId": "testcloudfrontmediastoreCloudFrontDistributionOrigin1BBFA2A4D",
            "ViewerProtocolPolicy": "redirect-to-https",
          },
          "Enabled": true,
          "HttpVersion": "http2",
          "IPV6Enabled": true,
          "Logging": Object {
            "Bucket": Object {
              "Fn::GetAtt": Array [
                "testcloudfrontmediastoreCloudfrontLoggingBucketA3A51E6A",
                "RegionalDomainName",
              ],
            },
          },
          "Origins": Array [
            Object {
              "CustomOriginConfig": Object {
                "OriginProtocolPolicy": "https-only",
                "OriginSSLProtocols": Array [
                  "TLSv1.2",
                ],
              },
              "DomainName": Object {
                "Fn::Select": Array [
                  0,
                  Object {
                    "Fn::Split": Array [
                      "/",
                      Object {
                        "Fn::Select": Array [
                          1,
                          Object {
                            "Fn::Split": Array [
                              "://",
                              Object {
                                "Fn::GetAtt": Array [
                                  "testcloudfrontmediastoreMediaStoreContainerF60A96BB",
                                  "Endpoint",
                                ],
                              },
                            ],
                          },
                        ],
                      },
                    ],
                  },
                ],
              },
              "Id": "testcloudfrontmediastoreCloudFrontDistributionOrigin1BBFA2A4D",
              "OriginCustomHeaders": Array [
                Object {
                  "HeaderName": "User-Agent",
                  "HeaderValue": Object {
                    "Ref": "testcloudfrontmediastoreCloudFrontOriginAccessIdentity966405A0",
                  },
                },
              ],
            },
          ],
        },
      },
      "Type": "AWS::CloudFront::Distribution",
    },
    "testcloudfrontmediastoreCloudFrontOriginAccessIdentity966405A0": Object {
      "Properties": Object {
        "CloudFrontOriginAccessIdentityConfig": Object {
          "Comment": Object {
            "Fn::Join": Array [
              "",
              Array [
                "access-identity-",
                Object {
                  "Ref": "AWS::Region",
                },
                "-",
                Object {
                  "Ref": "AWS::StackName",
                },
              ],
            ],
          },
        },
      },
      "Type": "AWS::CloudFront::CloudFrontOriginAccessIdentity",
    },
    "testcloudfrontmediastoreCloudfrontLoggingBucketA3A51E6A": Object {
      "DeletionPolicy": "Retain",
      "Metadata": Object {
        "cfn_nag": Object {
          "rules_to_suppress": Array [
            Object {
              "id": "W35",
              "reason": "This S3 bucket is used as the access logging bucket for CloudFront Distribution",
            },
          ],
        },
      },
      "Properties": Object {
        "AccessControl": "LogDeliveryWrite",
        "BucketEncryption": Object {
          "ServerSideEncryptionConfiguration": Array [
            Object {
              "ServerSideEncryptionByDefault": Object {
                "SSEAlgorithm": "AES256",
              },
            },
          ],
        },
        "PublicAccessBlockConfiguration": Object {
          "BlockPublicAcls": true,
          "BlockPublicPolicy": true,
          "IgnorePublicAcls": true,
          "RestrictPublicBuckets": true,
        },
        "VersioningConfiguration": Object {
          "Status": "Enabled",
        },
      },
      "Type": "AWS::S3::Bucket",
      "UpdateReplacePolicy": "Retain",
    },
    "testcloudfrontmediastoreCloudfrontLoggingBucketPolicyF3B44DFD": Object {
      "Properties": Object {
        "Bucket": Object {
          "Ref": "testcloudfrontmediastoreCloudfrontLoggingBucketA3A51E6A",
        },
        "PolicyDocument": Object {
          "Statement": Array [
            Object {
              "Action": "*",
              "Condition": Object {
                "Bool": Object {
                  "aws:SecureTransport": "false",
                },
              },
              "Effect": "Deny",
              "Principal": Object {
                "AWS": "*",
              },
              "Resource": Array [
                Object {
                  "Fn::Join": Array [
                    "",
                    Array [
                      Object {
                        "Fn::GetAtt": Array [
                          "testcloudfrontmediastoreCloudfrontLoggingBucketA3A51E6A",
                          "Arn",
                        ],
                      },
                      "/*",
                    ],
                  ],
                },
                Object {
                  "Fn::GetAtt": Array [
                    "testcloudfrontmediastoreCloudfrontLoggingBucketA3A51E6A",
                    "Arn",
                  ],
                },
              ],
              "Sid": "HttpsOnly",
            },
          ],
          "Version": "2012-10-17",
        },
      },
      "Type": "AWS::S3::BucketPolicy",
    },
    "testcloudfrontmediastoreCloudfrontOriginRequestPolicyA1D988D3": Object {
      "Properties": Object {
        "OriginRequestPolicyConfig": Object {
          "Comment": "Policy for Constructs CloudFrontDistributionForMediaStore",
          "CookiesConfig": Object {
            "CookieBehavior": "none",
          },
          "HeadersConfig": Object {
            "HeaderBehavior": "whitelist",
            "Headers": Array [
              "Access-Control-Allow-Origin",
              "Access-Control-Request-Method",
              "Access-Control-Request-Header",
              "Origin",
            ],
          },
          "Name": Object {
            "Fn::Join": Array [
              "",
              Array [
                Object {
                  "Ref": "AWS::StackName",
                },
                "-",
                Object {
                  "Ref": "AWS::Region",
                },
                "-CloudFrontDistributionForMediaStore",
              ],
            ],
          },
          "QueryStringsConfig": Object {
            "QueryStringBehavior": "all",
          },
        },
      },
      "Type": "AWS::CloudFront::OriginRequestPolicy",
    },
    "testcloudfrontmediastoreMediaStoreContainerF60A96BB": Object {
      "DeletionPolicy": "Retain",
      "Properties": Object {
        "AccessLoggingEnabled": true,
        "ContainerName": Object {
          "Ref": "AWS::StackName",
        },
        "CorsPolicy": Array [
          Object {
            "AllowedHeaders": Array [
              "*",
            ],
            "AllowedMethods": Array [
              "GET",
            ],
            "AllowedOrigins": Array [
              "*",
            ],
            "ExposeHeaders": Array [
              "*",
            ],
            "MaxAgeSeconds": 3000,
          },
        ],
        "LifecyclePolicy": "{\\"rules\\":[{\\"definition\\":{\\"path\\":[{\\"wildcard\\":\\"*\\"}],\\"days_since_create\\":[{\\"numeric\\":[\\">\\",30]}]},\\"action\\":\\"EXPIRE\\"}]}",
        "MetricPolicy": Object {
          "ContainerLevelMetrics": "ENABLED",
        },
        "Policy": Object {
          "Fn::Join": Array [
            "",
            Array [
              "{\\"Version\\":\\"2012-10-17\\",\\"Statement\\":[{\\"Sid\\":\\"MediaStoreDefaultPolicy\\",\\"Effect\\":\\"Allow\\",\\"Principal\\":\\"*\\",\\"Action\\":[\\"mediastore:GetObject\\",\\"mediastore:DescribeObject\\"],\\"Resource\\":\\"arn:",
              Object {
                "Ref": "AWS::Partition",
              },
              ":mediastore:",
              Object {
                "Ref": "AWS::Region",
              },
              ":",
              Object {
                "Ref": "AWS::AccountId",
              },
              ":container/",
              Object {
                "Ref": "AWS::StackName",
              },
              "/*\\",\\"Condition\\":{\\"StringEquals\\":{\\"aws:UserAgent\\":\\"",
              Object {
                "Ref": "testcloudfrontmediastoreCloudFrontOriginAccessIdentity966405A0",
              },
              "\\"},\\"Bool\\":{\\"aws:SecureTransport\\":\\"true\\"}}}]}",
            ],
          ],
        },
      },
      "Type": "AWS::MediaStore::Container",
    },
    "testcloudfrontmediastoreSetHttpSecurityHeaders9995A63D": Object {
      "Properties": Object {
        "AutoPublish": true,
        "FunctionCode": "function handler(event) { var response = event.response;       var headers = response.headers;       headers['strict-transport-security'] = { value: 'max-age=63072000; includeSubdomains; preload'};       headers['content-security-policy'] = { value: \\"default-src 'none'; img-src 'self'; script-src 'self'; style-src 'self'; object-src 'none'\\"};       headers['x-content-type-options'] = { value: 'nosniff'};       headers['x-frame-options'] = {value: 'DENY'};       headers['x-xss-protection'] = {value: '1; mode=block'};       return response;     }",
        "FunctionConfig": Object {
          "Comment": "SetHttpSecurityHeadersc82c7d803c8b3899ab37eeee5cc2bce7beb7673c36",
          "Runtime": "cloudfront-js-1.0",
        },
        "Name": "SetHttpSecurityHeadersc82c7d803c8b3899ab37eeee5cc2bce7beb7673c36",
      },
      "Type": "AWS::CloudFront::Function",
    },
  },
}
`;
