// Jest Snapshot v1, https://goo.gl/fbAQLP

exports[`default stack 1`] = `
Object {
  "Outputs": Object {
    "CognitoToApiGatewayToLambdaLambdaRestApiEndpoint02EBBDD6": Object {
      "Value": Object {
        "Fn::Join": Array [
          "",
          Array [
            "https://",
            Object {
              "Ref": "CognitoToApiGatewayToLambdaLambdaRestApi31103AF0",
            },
            ".execute-api.",
            Object {
              "Ref": "AWS::Region",
            },
            ".",
            Object {
              "Ref": "AWS::URLSuffix",
            },
            "/",
            Object {
              "Ref": "CognitoToApiGatewayToLambdaLambdaRestApiDeploymentStageprod743A20E1",
            },
            "/",
          ],
        ],
      },
    },
  },
  "Resources": Object {
    "CognitoToApiGatewayToLambdaApiAccessLogGroup43A4A269": Object {
      "DeletionPolicy": "Retain",
      "Metadata": Object {
        "cfn_nag": Object {
          "rules_to_suppress": Array [
            Object {
              "id": "W86",
              "reason": "Retention period for CloudWatchLogs LogGroups are set to 'Never Expire' to preserve customer data indefinitely",
            },
            Object {
              "id": "W84",
              "reason": "By default CloudWatchLogs LogGroups data is encrypted using the CloudWatch server-side encryption keys (AWS Managed Keys)",
            },
          ],
        },
      },
      "Type": "AWS::Logs::LogGroup",
      "UpdateReplacePolicy": "Retain",
    },
    "CognitoToApiGatewayToLambdaCognitoAuthorizerAF023B99": Object {
      "Properties": Object {
        "IdentitySource": "method.request.header.Authorization",
        "Name": "authorizer",
        "ProviderARNs": Array [
          Object {
            "Fn::GetAtt": Array [
              "CognitoToApiGatewayToLambdaCognitoUserPool6EE989F1",
              "Arn",
            ],
          },
        ],
        "RestApiId": Object {
          "Ref": "CognitoToApiGatewayToLambdaLambdaRestApi31103AF0",
        },
        "Type": "COGNITO_USER_POOLS",
      },
      "Type": "AWS::ApiGateway::Authorizer",
    },
    "CognitoToApiGatewayToLambdaCognitoUserPool6EE989F1": Object {
      "DeletionPolicy": "Retain",
      "Properties": Object {
        "AccountRecoverySetting": Object {
          "RecoveryMechanisms": Array [
            Object {
              "Name": "verified_phone_number",
              "Priority": 1,
            },
            Object {
              "Name": "verified_email",
              "Priority": 2,
            },
          ],
        },
        "AdminCreateUserConfig": Object {
          "AllowAdminCreateUserOnly": false,
        },
        "AutoVerifiedAttributes": Array [
          "email",
        ],
        "EmailVerificationMessage": "The verification code to your new account is {####}",
        "EmailVerificationSubject": "Verify your new account",
        "SmsVerificationMessage": "The verification code to your new account is {####}",
        "UserPoolAddOns": Object {
          "AdvancedSecurityMode": "ENFORCED",
        },
        "UserPoolName": "WileRydes",
        "VerificationMessageTemplate": Object {
          "DefaultEmailOption": "CONFIRM_WITH_CODE",
          "EmailMessage": "The verification code to your new account is {####}",
          "EmailSubject": "Verify your new account",
          "SmsMessage": "The verification code to your new account is {####}",
        },
      },
      "Type": "AWS::Cognito::UserPool",
      "UpdateReplacePolicy": "Retain",
    },
    "CognitoToApiGatewayToLambdaCognitoUserPoolClientC6919938": Object {
      "Properties": Object {
        "AllowedOAuthFlows": Array [
          "implicit",
          "code",
        ],
        "AllowedOAuthFlowsUserPoolClient": true,
        "AllowedOAuthScopes": Array [
          "profile",
          "phone",
          "email",
          "openid",
          "aws.cognito.signin.user.admin",
        ],
        "CallbackURLs": Array [
          "https://example.com",
        ],
        "SupportedIdentityProviders": Array [
          "COGNITO",
        ],
        "UserPoolId": Object {
          "Ref": "CognitoToApiGatewayToLambdaCognitoUserPool6EE989F1",
        },
      },
      "Type": "AWS::Cognito::UserPoolClient",
    },
    "CognitoToApiGatewayToLambdaLambdaFunction555D0B9C": Object {
      "DependsOn": Array [
        "CognitoToApiGatewayToLambdaLambdaFunctionServiceRoleDefaultPolicyCC3D84AE",
        "CognitoToApiGatewayToLambdaLambdaFunctionServiceRole921AB2D6",
      ],
      "Metadata": Object {
        "cfn_nag": Object {
          "rules_to_suppress": Array [
            Object {
              "id": "W58",
              "reason": "Lambda functions has the required permission to write CloudWatch Logs. It uses custom policy instead of arn:aws:iam::aws:policy/service-role/AWSLambdaBasicExecutionRole with tighter permissions.",
            },
            Object {
              "id": "W89",
              "reason": "This is not a rule for the general case, just for specific use cases/industries",
            },
            Object {
              "id": "W92",
              "reason": "Impossible for us to define the correct concurrency for clients",
            },
          ],
        },
      },
      "Properties": Object {
        "Code": Object {
          "S3Bucket": Object {
            "Fn::Sub": "cdk-hnb659fds-assets-\${AWS::AccountId}-\${AWS::Region}",
          },
          "S3Key": "9a9c398189879e9ca9700ba0658086063d8ee7ccd068043c722c28478c6c4360.zip",
        },
        "Environment": Object {
          "Variables": Object {
            "AWS_NODEJS_CONNECTION_REUSE_ENABLED": "1",
            "DDB_TABLE_NAME": Object {
              "Ref": "LambdaToDynamoDBDynamoTable53C1442D",
            },
          },
        },
        "Handler": "index.handler",
        "Role": Object {
          "Fn::GetAtt": Array [
            "CognitoToApiGatewayToLambdaLambdaFunctionServiceRole921AB2D6",
            "Arn",
          ],
        },
        "Runtime": "nodejs14.x",
        "TracingConfig": Object {
          "Mode": "Active",
        },
      },
      "Type": "AWS::Lambda::Function",
    },
    "CognitoToApiGatewayToLambdaLambdaFunctionServiceRole921AB2D6": Object {
      "Properties": Object {
        "AssumeRolePolicyDocument": Object {
          "Statement": Array [
            Object {
              "Action": "sts:AssumeRole",
              "Effect": "Allow",
              "Principal": Object {
                "Service": "lambda.amazonaws.com",
              },
            },
          ],
          "Version": "2012-10-17",
        },
        "Policies": Array [
          Object {
            "PolicyDocument": Object {
              "Statement": Array [
                Object {
                  "Action": Array [
                    "logs:CreateLogGroup",
                    "logs:CreateLogStream",
                    "logs:PutLogEvents",
                  ],
                  "Effect": "Allow",
                  "Resource": Object {
                    "Fn::Join": Array [
                      "",
                      Array [
                        "arn:",
                        Object {
                          "Ref": "AWS::Partition",
                        },
                        ":logs:",
                        Object {
                          "Ref": "AWS::Region",
                        },
                        ":",
                        Object {
                          "Ref": "AWS::AccountId",
                        },
                        ":log-group:/aws/lambda/*",
                      ],
                    ],
                  },
                },
              ],
              "Version": "2012-10-17",
            },
            "PolicyName": "LambdaFunctionServiceRolePolicy",
          },
        ],
      },
      "Type": "AWS::IAM::Role",
    },
    "CognitoToApiGatewayToLambdaLambdaFunctionServiceRoleDefaultPolicyCC3D84AE": Object {
      "Metadata": Object {
        "cfn_nag": Object {
          "rules_to_suppress": Array [
            Object {
              "id": "W12",
              "reason": "Lambda needs the following minimum required permissions to send trace data to X-Ray and access ENIs in a VPC.",
            },
          ],
        },
      },
      "Properties": Object {
        "PolicyDocument": Object {
          "Statement": Array [
            Object {
              "Action": Array [
                "xray:PutTraceSegments",
                "xray:PutTelemetryRecords",
              ],
              "Effect": "Allow",
              "Resource": "*",
            },
            Object {
              "Action": Array [
                "dynamodb:BatchGetItem",
                "dynamodb:GetRecords",
                "dynamodb:GetShardIterator",
                "dynamodb:Query",
                "dynamodb:GetItem",
                "dynamodb:Scan",
                "dynamodb:ConditionCheckItem",
                "dynamodb:BatchWriteItem",
                "dynamodb:PutItem",
                "dynamodb:UpdateItem",
                "dynamodb:DeleteItem",
                "dynamodb:DescribeTable",
              ],
              "Effect": "Allow",
              "Resource": Array [
                Object {
                  "Fn::GetAtt": Array [
                    "LambdaToDynamoDBDynamoTable53C1442D",
                    "Arn",
                  ],
                },
                Object {
                  "Ref": "AWS::NoValue",
                },
              ],
            },
          ],
          "Version": "2012-10-17",
        },
        "PolicyName": "CognitoToApiGatewayToLambdaLambdaFunctionServiceRoleDefaultPolicyCC3D84AE",
        "Roles": Array [
          Object {
            "Ref": "CognitoToApiGatewayToLambdaLambdaFunctionServiceRole921AB2D6",
          },
        ],
      },
      "Type": "AWS::IAM::Policy",
    },
    "CognitoToApiGatewayToLambdaLambdaRestApi31103AF0": Object {
      "Properties": Object {
        "EndpointConfiguration": Object {
          "Types": Array [
            "EDGE",
          ],
        },
        "Name": "LambdaRestApi",
      },
      "Type": "AWS::ApiGateway::RestApi",
    },
    "CognitoToApiGatewayToLambdaLambdaRestApiANY53FD6161": Object {
      "Properties": Object {
        "AuthorizationType": "COGNITO_USER_POOLS",
        "AuthorizerId": Object {
          "Ref": "CognitoToApiGatewayToLambdaCognitoAuthorizerAF023B99",
        },
        "HttpMethod": "ANY",
        "Integration": Object {
          "IntegrationHttpMethod": "POST",
          "Type": "AWS_PROXY",
          "Uri": Object {
            "Fn::Join": Array [
              "",
              Array [
                "arn:",
                Object {
                  "Ref": "AWS::Partition",
                },
                ":apigateway:",
                Object {
                  "Ref": "AWS::Region",
                },
                ":lambda:path/2015-03-31/functions/",
                Object {
                  "Fn::GetAtt": Array [
                    "CognitoToApiGatewayToLambdaLambdaFunction555D0B9C",
                    "Arn",
                  ],
                },
                "/invocations",
              ],
            ],
          },
        },
        "ResourceId": Object {
          "Fn::GetAtt": Array [
            "CognitoToApiGatewayToLambdaLambdaRestApi31103AF0",
            "RootResourceId",
          ],
        },
        "RestApiId": Object {
          "Ref": "CognitoToApiGatewayToLambdaLambdaRestApi31103AF0",
        },
      },
      "Type": "AWS::ApiGateway::Method",
    },
    "CognitoToApiGatewayToLambdaLambdaRestApiANYApiPermissionServerlessBackendStackCognitoToApiGatewayToLambdaLambdaRestApi6BF82CD7ANYAD0464C2": Object {
      "Properties": Object {
        "Action": "lambda:InvokeFunction",
        "FunctionName": Object {
          "Fn::GetAtt": Array [
            "CognitoToApiGatewayToLambdaLambdaFunction555D0B9C",
            "Arn",
          ],
        },
        "Principal": "apigateway.amazonaws.com",
        "SourceArn": Object {
          "Fn::Join": Array [
            "",
            Array [
              "arn:",
              Object {
                "Ref": "AWS::Partition",
              },
              ":execute-api:",
              Object {
                "Ref": "AWS::Region",
              },
              ":",
              Object {
                "Ref": "AWS::AccountId",
              },
              ":",
              Object {
                "Ref": "CognitoToApiGatewayToLambdaLambdaRestApi31103AF0",
              },
              "/",
              Object {
                "Ref": "CognitoToApiGatewayToLambdaLambdaRestApiDeploymentStageprod743A20E1",
              },
              "/*/",
            ],
          ],
        },
      },
      "Type": "AWS::Lambda::Permission",
    },
    "CognitoToApiGatewayToLambdaLambdaRestApiANYApiPermissionTestServerlessBackendStackCognitoToApiGatewayToLambdaLambdaRestApi6BF82CD7ANYC531DE60": Object {
      "Properties": Object {
        "Action": "lambda:InvokeFunction",
        "FunctionName": Object {
          "Fn::GetAtt": Array [
            "CognitoToApiGatewayToLambdaLambdaFunction555D0B9C",
            "Arn",
          ],
        },
        "Principal": "apigateway.amazonaws.com",
        "SourceArn": Object {
          "Fn::Join": Array [
            "",
            Array [
              "arn:",
              Object {
                "Ref": "AWS::Partition",
              },
              ":execute-api:",
              Object {
                "Ref": "AWS::Region",
              },
              ":",
              Object {
                "Ref": "AWS::AccountId",
              },
              ":",
              Object {
                "Ref": "CognitoToApiGatewayToLambdaLambdaRestApi31103AF0",
              },
              "/test-invoke-stage/*/",
            ],
          ],
        },
      },
      "Type": "AWS::Lambda::Permission",
    },
    "CognitoToApiGatewayToLambdaLambdaRestApiAccountD1F8AA14": Object {
      "DependsOn": Array [
        "CognitoToApiGatewayToLambdaLambdaRestApi31103AF0",
      ],
      "Properties": Object {
        "CloudWatchRoleArn": Object {
          "Fn::GetAtt": Array [
            "CognitoToApiGatewayToLambdaLambdaRestApiCloudWatchRoleD7E52FBB",
            "Arn",
          ],
        },
      },
      "Type": "AWS::ApiGateway::Account",
    },
    "CognitoToApiGatewayToLambdaLambdaRestApiCloudWatchRoleD7E52FBB": Object {
      "Properties": Object {
        "AssumeRolePolicyDocument": Object {
          "Statement": Array [
            Object {
              "Action": "sts:AssumeRole",
              "Effect": "Allow",
              "Principal": Object {
                "Service": "apigateway.amazonaws.com",
              },
            },
          ],
          "Version": "2012-10-17",
        },
        "Policies": Array [
          Object {
            "PolicyDocument": Object {
              "Statement": Array [
                Object {
                  "Action": Array [
                    "logs:CreateLogGroup",
                    "logs:CreateLogStream",
                    "logs:DescribeLogGroups",
                    "logs:DescribeLogStreams",
                    "logs:PutLogEvents",
                    "logs:GetLogEvents",
                    "logs:FilterLogEvents",
                  ],
                  "Effect": "Allow",
                  "Resource": Object {
                    "Fn::Join": Array [
                      "",
                      Array [
                        "arn:",
                        Object {
                          "Ref": "AWS::Partition",
                        },
                        ":logs:",
                        Object {
                          "Ref": "AWS::Region",
                        },
                        ":",
                        Object {
                          "Ref": "AWS::AccountId",
                        },
                        ":*",
                      ],
                    ],
                  },
                },
              ],
              "Version": "2012-10-17",
            },
            "PolicyName": "LambdaRestApiCloudWatchRolePolicy",
          },
        ],
      },
      "Type": "AWS::IAM::Role",
    },
    "CognitoToApiGatewayToLambdaLambdaRestApiDeployment1E6D5E66be3a2e657ed1037e23e62faacc9671b0": Object {
      "DependsOn": Array [
        "CognitoToApiGatewayToLambdaLambdaRestApiproxyANY2839789B",
        "CognitoToApiGatewayToLambdaLambdaRestApiproxyOPTIONS63FED6E8",
        "CognitoToApiGatewayToLambdaLambdaRestApiproxy008E09BA",
        "CognitoToApiGatewayToLambdaLambdaRestApiANY53FD6161",
        "CognitoToApiGatewayToLambdaLambdaRestApiOPTIONS84242119",
      ],
      "Metadata": Object {
        "cfn_nag": Object {
          "rules_to_suppress": Array [
            Object {
              "id": "W45",
              "reason": "ApiGateway has AccessLogging enabled in AWS::ApiGateway::Stage resource, but cfn_nag checkes for it in AWS::ApiGateway::Deployment resource",
            },
          ],
        },
      },
      "Properties": Object {
        "Description": "Automatically created by the RestApi construct",
        "RestApiId": Object {
          "Ref": "CognitoToApiGatewayToLambdaLambdaRestApi31103AF0",
        },
      },
      "Type": "AWS::ApiGateway::Deployment",
    },
    "CognitoToApiGatewayToLambdaLambdaRestApiDeploymentStageprod743A20E1": Object {
      "Properties": Object {
        "AccessLogSetting": Object {
          "DestinationArn": Object {
            "Fn::GetAtt": Array [
              "CognitoToApiGatewayToLambdaApiAccessLogGroup43A4A269",
              "Arn",
            ],
          },
          "Format": "{\\"requestId\\":\\"$context.requestId\\",\\"ip\\":\\"$context.identity.sourceIp\\",\\"user\\":\\"$context.identity.user\\",\\"caller\\":\\"$context.identity.caller\\",\\"requestTime\\":\\"$context.requestTime\\",\\"httpMethod\\":\\"$context.httpMethod\\",\\"resourcePath\\":\\"$context.resourcePath\\",\\"status\\":\\"$context.status\\",\\"protocol\\":\\"$context.protocol\\",\\"responseLength\\":\\"$context.responseLength\\"}",
        },
        "DeploymentId": Object {
          "Ref": "CognitoToApiGatewayToLambdaLambdaRestApiDeployment1E6D5E66be3a2e657ed1037e23e62faacc9671b0",
        },
        "MethodSettings": Array [
          Object {
            "DataTraceEnabled": false,
            "HttpMethod": "*",
            "LoggingLevel": "INFO",
            "ResourcePath": "/*",
          },
        ],
        "RestApiId": Object {
          "Ref": "CognitoToApiGatewayToLambdaLambdaRestApi31103AF0",
        },
        "StageName": "prod",
        "TracingEnabled": true,
      },
      "Type": "AWS::ApiGateway::Stage",
    },
    "CognitoToApiGatewayToLambdaLambdaRestApiOPTIONS84242119": Object {
      "Properties": Object {
        "AuthorizationType": "NONE",
        "HttpMethod": "OPTIONS",
        "Integration": Object {
          "IntegrationResponses": Array [
            Object {
              "ResponseParameters": Object {
                "method.response.header.Access-Control-Allow-Headers": "'Content-Type,X-Amz-Date,Authorization,X-Api-Key,X-Amz-Security-Token,X-Amz-User-Agent'",
                "method.response.header.Access-Control-Allow-Methods": "'OPTIONS,GET,PUT,POST,DELETE,PATCH,HEAD'",
                "method.response.header.Access-Control-Allow-Origin": "'*'",
              },
              "StatusCode": "204",
            },
          ],
          "RequestTemplates": Object {
            "application/json": "{ statusCode: 200 }",
          },
          "Type": "MOCK",
        },
        "MethodResponses": Array [
          Object {
            "ResponseParameters": Object {
              "method.response.header.Access-Control-Allow-Headers": true,
              "method.response.header.Access-Control-Allow-Methods": true,
              "method.response.header.Access-Control-Allow-Origin": true,
            },
            "StatusCode": "204",
          },
        ],
        "ResourceId": Object {
          "Fn::GetAtt": Array [
            "CognitoToApiGatewayToLambdaLambdaRestApi31103AF0",
            "RootResourceId",
          ],
        },
        "RestApiId": Object {
          "Ref": "CognitoToApiGatewayToLambdaLambdaRestApi31103AF0",
        },
      },
      "Type": "AWS::ApiGateway::Method",
    },
    "CognitoToApiGatewayToLambdaLambdaRestApiUsagePlanBC5A9D9D": Object {
      "Properties": Object {
        "ApiStages": Array [
          Object {
            "ApiId": Object {
              "Ref": "CognitoToApiGatewayToLambdaLambdaRestApi31103AF0",
            },
            "Stage": Object {
              "Ref": "CognitoToApiGatewayToLambdaLambdaRestApiDeploymentStageprod743A20E1",
            },
            "Throttle": Object {},
          },
        ],
      },
      "Type": "AWS::ApiGateway::UsagePlan",
    },
    "CognitoToApiGatewayToLambdaLambdaRestApiproxy008E09BA": Object {
      "Properties": Object {
        "ParentId": Object {
          "Fn::GetAtt": Array [
            "CognitoToApiGatewayToLambdaLambdaRestApi31103AF0",
            "RootResourceId",
          ],
        },
        "PathPart": "{proxy+}",
        "RestApiId": Object {
          "Ref": "CognitoToApiGatewayToLambdaLambdaRestApi31103AF0",
        },
      },
      "Type": "AWS::ApiGateway::Resource",
    },
    "CognitoToApiGatewayToLambdaLambdaRestApiproxyANY2839789B": Object {
      "Properties": Object {
        "AuthorizationType": "COGNITO_USER_POOLS",
        "AuthorizerId": Object {
          "Ref": "CognitoToApiGatewayToLambdaCognitoAuthorizerAF023B99",
        },
        "HttpMethod": "ANY",
        "Integration": Object {
          "IntegrationHttpMethod": "POST",
          "Type": "AWS_PROXY",
          "Uri": Object {
            "Fn::Join": Array [
              "",
              Array [
                "arn:",
                Object {
                  "Ref": "AWS::Partition",
                },
                ":apigateway:",
                Object {
                  "Ref": "AWS::Region",
                },
                ":lambda:path/2015-03-31/functions/",
                Object {
                  "Fn::GetAtt": Array [
                    "CognitoToApiGatewayToLambdaLambdaFunction555D0B9C",
                    "Arn",
                  ],
                },
                "/invocations",
              ],
            ],
          },
        },
        "ResourceId": Object {
          "Ref": "CognitoToApiGatewayToLambdaLambdaRestApiproxy008E09BA",
        },
        "RestApiId": Object {
          "Ref": "CognitoToApiGatewayToLambdaLambdaRestApi31103AF0",
        },
      },
      "Type": "AWS::ApiGateway::Method",
    },
    "CognitoToApiGatewayToLambdaLambdaRestApiproxyANYApiPermissionServerlessBackendStackCognitoToApiGatewayToLambdaLambdaRestApi6BF82CD7ANYproxy694ECA33": Object {
      "Properties": Object {
        "Action": "lambda:InvokeFunction",
        "FunctionName": Object {
          "Fn::GetAtt": Array [
            "CognitoToApiGatewayToLambdaLambdaFunction555D0B9C",
            "Arn",
          ],
        },
        "Principal": "apigateway.amazonaws.com",
        "SourceArn": Object {
          "Fn::Join": Array [
            "",
            Array [
              "arn:",
              Object {
                "Ref": "AWS::Partition",
              },
              ":execute-api:",
              Object {
                "Ref": "AWS::Region",
              },
              ":",
              Object {
                "Ref": "AWS::AccountId",
              },
              ":",
              Object {
                "Ref": "CognitoToApiGatewayToLambdaLambdaRestApi31103AF0",
              },
              "/",
              Object {
                "Ref": "CognitoToApiGatewayToLambdaLambdaRestApiDeploymentStageprod743A20E1",
              },
              "/*/*",
            ],
          ],
        },
      },
      "Type": "AWS::Lambda::Permission",
    },
    "CognitoToApiGatewayToLambdaLambdaRestApiproxyANYApiPermissionTestServerlessBackendStackCognitoToApiGatewayToLambdaLambdaRestApi6BF82CD7ANYproxy29080D5A": Object {
      "Properties": Object {
        "Action": "lambda:InvokeFunction",
        "FunctionName": Object {
          "Fn::GetAtt": Array [
            "CognitoToApiGatewayToLambdaLambdaFunction555D0B9C",
            "Arn",
          ],
        },
        "Principal": "apigateway.amazonaws.com",
        "SourceArn": Object {
          "Fn::Join": Array [
            "",
            Array [
              "arn:",
              Object {
                "Ref": "AWS::Partition",
              },
              ":execute-api:",
              Object {
                "Ref": "AWS::Region",
              },
              ":",
              Object {
                "Ref": "AWS::AccountId",
              },
              ":",
              Object {
                "Ref": "CognitoToApiGatewayToLambdaLambdaRestApi31103AF0",
              },
              "/test-invoke-stage/*/*",
            ],
          ],
        },
      },
      "Type": "AWS::Lambda::Permission",
    },
    "CognitoToApiGatewayToLambdaLambdaRestApiproxyOPTIONS63FED6E8": Object {
      "Properties": Object {
        "AuthorizationType": "NONE",
        "HttpMethod": "OPTIONS",
        "Integration": Object {
          "IntegrationResponses": Array [
            Object {
              "ResponseParameters": Object {
                "method.response.header.Access-Control-Allow-Headers": "'Content-Type,X-Amz-Date,Authorization,X-Api-Key,X-Amz-Security-Token,X-Amz-User-Agent'",
                "method.response.header.Access-Control-Allow-Methods": "'OPTIONS,GET,PUT,POST,DELETE,PATCH,HEAD'",
                "method.response.header.Access-Control-Allow-Origin": "'*'",
              },
              "StatusCode": "204",
            },
          ],
          "RequestTemplates": Object {
            "application/json": "{ statusCode: 200 }",
          },
          "Type": "MOCK",
        },
        "MethodResponses": Array [
          Object {
            "ResponseParameters": Object {
              "method.response.header.Access-Control-Allow-Headers": true,
              "method.response.header.Access-Control-Allow-Methods": true,
              "method.response.header.Access-Control-Allow-Origin": true,
            },
            "StatusCode": "204",
          },
        ],
        "ResourceId": Object {
          "Ref": "CognitoToApiGatewayToLambdaLambdaRestApiproxy008E09BA",
        },
        "RestApiId": Object {
          "Ref": "CognitoToApiGatewayToLambdaLambdaRestApi31103AF0",
        },
      },
      "Type": "AWS::ApiGateway::Method",
    },
    "CustomResource": Object {
      "DeletionPolicy": "Delete",
      "Properties": Object {
        "Bucket": Object {
          "Fn::ImportValue": "websiteBucket",
        },
        "Client": Object {
          "Ref": "CognitoToApiGatewayToLambdaCognitoUserPoolClientC6919938",
        },
        "Region": Object {
          "Ref": "AWS::Region",
        },
        "RestApi": Object {
          "Fn::Join": Array [
            "",
            Array [
              "https://",
              Object {
                "Ref": "CognitoToApiGatewayToLambdaLambdaRestApi31103AF0",
              },
              ".execute-api.",
              Object {
                "Ref": "AWS::Region",
              },
              ".",
              Object {
                "Ref": "AWS::URLSuffix",
              },
              "/",
              Object {
                "Ref": "CognitoToApiGatewayToLambdaLambdaRestApiDeploymentStageprod743A20E1",
              },
              "/",
            ],
          ],
        },
        "ServiceToken": Object {
          "Fn::GetAtt": Array [
            "CustomResourceProviderframeworkonEvent0AA4376C",
            "Arn",
          ],
        },
        "UserPool": Object {
          "Ref": "CognitoToApiGatewayToLambdaCognitoUserPool6EE989F1",
        },
      },
      "Type": "AWS::CloudFormation::CustomResource",
      "UpdateReplacePolicy": "Delete",
    },
    "CustomResourceProviderframeworkonEvent0AA4376C": Object {
      "DependsOn": Array [
        "CustomResourceProviderframeworkonEventServiceRoleDefaultPolicy93CD1647",
        "CustomResourceProviderframeworkonEventServiceRole7EBC5835",
      ],
      "Properties": Object {
        "Code": Object {
          "S3Bucket": Object {
            "Fn::Sub": "cdk-hnb659fds-assets-\${AWS::AccountId}-\${AWS::Region}",
          },
          "S3Key": "a25ad9c0d11729e2a901249c21b3095a071174c6fc98296269154dcebbb42a08.zip",
        },
        "Description": "AWS CDK resource provider framework - onEvent (ServerlessBackendStack/CustomResourceProvider)",
        "Environment": Object {
          "Variables": Object {
            "USER_ON_EVENT_FUNCTION_ARN": Object {
              "Fn::GetAtt": Array [
                "updateConfigHandler59840941",
                "Arn",
              ],
            },
          },
        },
        "Handler": "framework.onEvent",
        "Role": Object {
          "Fn::GetAtt": Array [
            "CustomResourceProviderframeworkonEventServiceRole7EBC5835",
            "Arn",
          ],
        },
        "Runtime": "nodejs12.x",
        "Timeout": 900,
      },
      "Type": "AWS::Lambda::Function",
    },
    "CustomResourceProviderframeworkonEventServiceRole7EBC5835": Object {
      "Properties": Object {
        "AssumeRolePolicyDocument": Object {
          "Statement": Array [
            Object {
              "Action": "sts:AssumeRole",
              "Effect": "Allow",
              "Principal": Object {
                "Service": "lambda.amazonaws.com",
              },
            },
          ],
          "Version": "2012-10-17",
        },
        "ManagedPolicyArns": Array [
          Object {
            "Fn::Join": Array [
              "",
              Array [
                "arn:",
                Object {
                  "Ref": "AWS::Partition",
                },
                ":iam::aws:policy/service-role/AWSLambdaBasicExecutionRole",
              ],
            ],
          },
        ],
      },
      "Type": "AWS::IAM::Role",
    },
    "CustomResourceProviderframeworkonEventServiceRoleDefaultPolicy93CD1647": Object {
      "Properties": Object {
        "PolicyDocument": Object {
          "Statement": Array [
            Object {
              "Action": "lambda:InvokeFunction",
              "Effect": "Allow",
              "Resource": Array [
                Object {
                  "Fn::GetAtt": Array [
                    "updateConfigHandler59840941",
                    "Arn",
                  ],
                },
                Object {
                  "Fn::Join": Array [
                    "",
                    Array [
                      Object {
                        "Fn::GetAtt": Array [
                          "updateConfigHandler59840941",
                          "Arn",
                        ],
                      },
                      ":*",
                    ],
                  ],
                },
              ],
            },
          ],
          "Version": "2012-10-17",
        },
        "PolicyName": "CustomResourceProviderframeworkonEventServiceRoleDefaultPolicy93CD1647",
        "Roles": Array [
          Object {
            "Ref": "CustomResourceProviderframeworkonEventServiceRole7EBC5835",
          },
        ],
      },
      "Type": "AWS::IAM::Policy",
    },
    "LambdaToDynamoDBDynamoTable53C1442D": Object {
      "DeletionPolicy": "Retain",
      "Properties": Object {
        "AttributeDefinitions": Array [
          Object {
            "AttributeName": "RideId",
            "AttributeType": "S",
          },
        ],
        "BillingMode": "PAY_PER_REQUEST",
        "KeySchema": Array [
          Object {
            "AttributeName": "RideId",
            "KeyType": "HASH",
          },
        ],
        "PointInTimeRecoverySpecification": Object {
          "PointInTimeRecoveryEnabled": true,
        },
        "SSESpecification": Object {
          "SSEEnabled": true,
        },
        "TableName": "Rides",
      },
      "Type": "AWS::DynamoDB::Table",
      "UpdateReplacePolicy": "Retain",
    },
    "updateConfigHandler59840941": Object {
      "DependsOn": Array [
        "updateConfigHandlerServiceRoleDefaultPolicy157F28C3",
        "updateConfigHandlerServiceRole3B176B96",
      ],
      "Properties": Object {
        "Code": Object {
          "S3Bucket": Object {
            "Fn::Sub": "cdk-hnb659fds-assets-\${AWS::AccountId}-\${AWS::Region}",
          },
          "S3Key": "3aa519f176d0d52023f4992f8ada07849f844467dcb0d4dfb94bb3b350a1d791.zip",
        },
        "Handler": "update_s3_object.on_event",
        "Role": Object {
          "Fn::GetAtt": Array [
            "updateConfigHandlerServiceRole3B176B96",
            "Arn",
          ],
        },
        "Runtime": "python3.8",
        "Timeout": 300,
      },
      "Type": "AWS::Lambda::Function",
    },
    "updateConfigHandlerServiceRole3B176B96": Object {
      "Properties": Object {
        "AssumeRolePolicyDocument": Object {
          "Statement": Array [
            Object {
              "Action": "sts:AssumeRole",
              "Effect": "Allow",
              "Principal": Object {
                "Service": "lambda.amazonaws.com",
              },
            },
          ],
          "Version": "2012-10-17",
        },
        "ManagedPolicyArns": Array [
          Object {
            "Fn::Join": Array [
              "",
              Array [
                "arn:",
                Object {
                  "Ref": "AWS::Partition",
                },
                ":iam::aws:policy/service-role/AWSLambdaBasicExecutionRole",
              ],
            ],
          },
        ],
      },
      "Type": "AWS::IAM::Role",
    },
    "updateConfigHandlerServiceRoleDefaultPolicy157F28C3": Object {
      "Properties": Object {
        "PolicyDocument": Object {
          "Statement": Array [
            Object {
              "Action": Array [
                "s3:PutObject",
                "s3:PutObjectAcl",
                "s3:PutObjectVersionAcl",
              ],
              "Effect": "Allow",
              "Resource": Object {
                "Fn::Join": Array [
                  "",
                  Array [
                    "arn:",
                    Object {
                      "Ref": "AWS::Partition",
                    },
                    ":s3:::",
                    Object {
                      "Fn::ImportValue": "websiteBucket",
                    },
                    "/*",
                  ],
                ],
              },
            },
          ],
          "Version": "2012-10-17",
        },
        "PolicyName": "updateConfigHandlerServiceRoleDefaultPolicy157F28C3",
        "Roles": Array [
          Object {
            "Ref": "updateConfigHandlerServiceRole3B176B96",
          },
        ],
      },
      "Type": "AWS::IAM::Policy",
    },
  },
}
`;
