// Jest Snapshot v1, https://goo.gl/fbAQLP

exports[`snapshot test TopicRuleProps default params 1`] = `
Object {
  "Parameters": Object {
    "AssetParameters42a35bbf0dec9ef0ac5b0dde87e71a1b8929e8d2d178dd09ccfb2c928ec0198cArtifactHash00A70A91": Object {
      "Description": "Artifact hash for asset \\"42a35bbf0dec9ef0ac5b0dde87e71a1b8929e8d2d178dd09ccfb2c928ec0198c\\"",
      "Type": "String",
    },
    "AssetParameters42a35bbf0dec9ef0ac5b0dde87e71a1b8929e8d2d178dd09ccfb2c928ec0198cS3Bucket1F467BCC": Object {
      "Description": "S3 bucket for asset \\"42a35bbf0dec9ef0ac5b0dde87e71a1b8929e8d2d178dd09ccfb2c928ec0198c\\"",
      "Type": "String",
    },
    "AssetParameters42a35bbf0dec9ef0ac5b0dde87e71a1b8929e8d2d178dd09ccfb2c928ec0198cS3VersionKey9E4F7872": Object {
      "Description": "S3 key for asset version \\"42a35bbf0dec9ef0ac5b0dde87e71a1b8929e8d2d178dd09ccfb2c928ec0198c\\"",
      "Type": "String",
    },
  },
  "Resources": Object {
    "IotTopic": Object {
      "Properties": Object {
        "TopicRulePayload": Object {
          "Actions": Array [
            Object {
              "Lambda": Object {
                "FunctionArn": Object {
                  "Fn::GetAtt": Array [
                    "LambdaFunctionBF21E41F",
                    "Arn",
                  ],
                },
              },
            },
          ],
          "RuleDisabled": false,
          "Sql": "SELECT * FROM 'topic/#'",
        },
      },
      "Type": "AWS::IoT::TopicRule",
    },
    "LambdaFunctionBF21E41F": Object {
      "DependsOn": Array [
        "LambdaFunctionServiceRoleC555A460",
      ],
      "Properties": Object {
        "Code": Object {
          "S3Bucket": Object {
            "Ref": "AssetParameters42a35bbf0dec9ef0ac5b0dde87e71a1b8929e8d2d178dd09ccfb2c928ec0198cS3Bucket1F467BCC",
          },
          "S3Key": Object {
            "Fn::Join": Array [
              "",
              Array [
                Object {
                  "Fn::Select": Array [
                    0,
                    Object {
                      "Fn::Split": Array [
                        "||",
                        Object {
                          "Ref": "AssetParameters42a35bbf0dec9ef0ac5b0dde87e71a1b8929e8d2d178dd09ccfb2c928ec0198cS3VersionKey9E4F7872",
                        },
                      ],
                    },
                  ],
                },
                Object {
                  "Fn::Select": Array [
                    1,
                    Object {
                      "Fn::Split": Array [
                        "||",
                        Object {
                          "Ref": "AssetParameters42a35bbf0dec9ef0ac5b0dde87e71a1b8929e8d2d178dd09ccfb2c928ec0198cS3VersionKey9E4F7872",
                        },
                      ],
                    },
                  ],
                },
              ],
            ],
          },
        },
        "Handler": "index.handler",
        "Role": Object {
          "Fn::GetAtt": Array [
            "LambdaFunctionServiceRoleC555A460",
            "Arn",
          ],
        },
        "Runtime": "nodejs12.x",
      },
      "Type": "AWS::Lambda::Function",
    },
    "LambdaFunctionServiceRoleC555A460": Object {
      "Properties": Object {
        "AssumeRolePolicyDocument": Object {
          "Statement": Array [
            Object {
              "Action": "sts:AssumeRole",
              "Effect": "Allow",
              "Principal": Object {
                "Service": "lambda.amazonaws.com",
              },
            },
          ],
          "Version": "2012-10-17",
        },
        "ManagedPolicyArns": Array [
          Object {
            "Fn::Join": Array [
              "",
              Array [
                "arn:",
                Object {
                  "Ref": "AWS::Partition",
                },
                ":iam::aws:policy/service-role/AWSLambdaBasicExecutionRole",
              ],
            ],
          },
        ],
      },
      "Type": "AWS::IAM::Role",
    },
  },
}
`;
