// Jest Snapshot v1, https://goo.gl/fbAQLP

exports[`snapshot test IotToLambdaToDynamoDB default params 1`] = `
Object {
  "Parameters": Object {
    "AssetParameters42a35bbf0dec9ef0ac5b0dde87e71a1b8929e8d2d178dd09ccfb2c928ec0198cArtifactHash00A70A91": Object {
      "Description": "Artifact hash for asset \\"42a35bbf0dec9ef0ac5b0dde87e71a1b8929e8d2d178dd09ccfb2c928ec0198c\\"",
      "Type": "String",
    },
    "AssetParameters42a35bbf0dec9ef0ac5b0dde87e71a1b8929e8d2d178dd09ccfb2c928ec0198cS3Bucket1F467BCC": Object {
      "Description": "S3 bucket for asset \\"42a35bbf0dec9ef0ac5b0dde87e71a1b8929e8d2d178dd09ccfb2c928ec0198c\\"",
      "Type": "String",
    },
    "AssetParameters42a35bbf0dec9ef0ac5b0dde87e71a1b8929e8d2d178dd09ccfb2c928ec0198cS3VersionKey9E4F7872": Object {
      "Description": "S3 key for asset version \\"42a35bbf0dec9ef0ac5b0dde87e71a1b8929e8d2d178dd09ccfb2c928ec0198c\\"",
      "Type": "String",
    },
  },
  "Resources": Object {
    "testiotlambdadynamodbstackIotToLambdaIotTopic74F5E3BB": Object {
      "Properties": Object {
        "TopicRulePayload": Object {
          "Actions": Array [
            Object {
              "Lambda": Object {
                "FunctionArn": Object {
                  "Fn::GetAtt": Array [
                    "testiotlambdadynamodbstackIotToLambdaLambdaFunctionDFEAF894",
                    "Arn",
                  ],
                },
              },
            },
          ],
          "Description": "Processing of DTC messages from the AWS Connected Vehicle Solution.",
          "RuleDisabled": false,
          "Sql": "SELECT * FROM 'connectedcar/dtc/#'",
        },
      },
      "Type": "AWS::IoT::TopicRule",
    },
    "testiotlambdadynamodbstackIotToLambdaLambdaFunctionAwsIotLambdaInvokePermission1CF07890C": Object {
      "Properties": Object {
        "Action": "lambda:InvokeFunction",
        "FunctionName": Object {
          "Fn::GetAtt": Array [
            "testiotlambdadynamodbstackIotToLambdaLambdaFunctionDFEAF894",
            "Arn",
          ],
        },
        "Principal": "iot.amazonaws.com",
        "SourceArn": Object {
          "Fn::GetAtt": Array [
            "testiotlambdadynamodbstackIotToLambdaIotTopic74F5E3BB",
            "Arn",
          ],
        },
      },
      "Type": "AWS::Lambda::Permission",
    },
    "testiotlambdadynamodbstackIotToLambdaLambdaFunctionDFEAF894": Object {
      "DependsOn": Array [
        "testiotlambdadynamodbstackIotToLambdaLambdaFunctionServiceRoleDefaultPolicyB43AD823",
        "testiotlambdadynamodbstackIotToLambdaLambdaFunctionServiceRoleC57F7FDA",
      ],
      "Metadata": Object {
        "cfn_nag": Object {
          "rules_to_suppress": Array [
            Object {
              "id": "W58",
              "reason": "Lambda functions has the required permission to write CloudWatch Logs. It uses custom policy instead of arn:aws:iam::aws:policy/service-role/AWSLambdaBasicExecutionRole with tighter permissions.",
            },
            Object {
              "id": "W89",
              "reason": "This is not a rule for the general case, just for specific use cases/industries",
            },
            Object {
              "id": "W92",
              "reason": "Impossible for us to define the correct concurrency for clients",
            },
          ],
        },
      },
      "Properties": Object {
        "Code": Object {
          "S3Bucket": Object {
            "Ref": "AssetParameters42a35bbf0dec9ef0ac5b0dde87e71a1b8929e8d2d178dd09ccfb2c928ec0198cS3Bucket1F467BCC",
          },
          "S3Key": Object {
            "Fn::Join": Array [
              "",
              Array [
                Object {
                  "Fn::Select": Array [
                    0,
                    Object {
                      "Fn::Split": Array [
                        "||",
                        Object {
                          "Ref": "AssetParameters42a35bbf0dec9ef0ac5b0dde87e71a1b8929e8d2d178dd09ccfb2c928ec0198cS3VersionKey9E4F7872",
                        },
                      ],
                    },
                  ],
                },
                Object {
                  "Fn::Select": Array [
                    1,
                    Object {
                      "Fn::Split": Array [
                        "||",
                        Object {
                          "Ref": "AssetParameters42a35bbf0dec9ef0ac5b0dde87e71a1b8929e8d2d178dd09ccfb2c928ec0198cS3VersionKey9E4F7872",
                        },
                      ],
                    },
                  ],
                },
              ],
            ],
          },
        },
        "Environment": Object {
          "Variables": Object {
            "AWS_NODEJS_CONNECTION_REUSE_ENABLED": "1",
            "DDB_TABLE_NAME": Object {
              "Ref": "testiotlambdadynamodbstackLambdaToDynamoDBDynamoTableE17E5733",
            },
          },
        },
        "Handler": "index.handler",
        "Role": Object {
          "Fn::GetAtt": Array [
            "testiotlambdadynamodbstackIotToLambdaLambdaFunctionServiceRoleC57F7FDA",
            "Arn",
          ],
        },
        "Runtime": "nodejs10.x",
        "TracingConfig": Object {
          "Mode": "Active",
        },
      },
      "Type": "AWS::Lambda::Function",
    },
    "testiotlambdadynamodbstackIotToLambdaLambdaFunctionServiceRoleC57F7FDA": Object {
      "Properties": Object {
        "AssumeRolePolicyDocument": Object {
          "Statement": Array [
            Object {
              "Action": "sts:AssumeRole",
              "Effect": "Allow",
              "Principal": Object {
                "Service": "lambda.amazonaws.com",
              },
            },
          ],
          "Version": "2012-10-17",
        },
        "Policies": Array [
          Object {
            "PolicyDocument": Object {
              "Statement": Array [
                Object {
                  "Action": Array [
                    "logs:CreateLogGroup",
                    "logs:CreateLogStream",
                    "logs:PutLogEvents",
                  ],
                  "Effect": "Allow",
                  "Resource": Object {
                    "Fn::Join": Array [
                      "",
                      Array [
                        "arn:",
                        Object {
                          "Ref": "AWS::Partition",
                        },
                        ":logs:",
                        Object {
                          "Ref": "AWS::Region",
                        },
                        ":",
                        Object {
                          "Ref": "AWS::AccountId",
                        },
                        ":log-group:/aws/lambda/*",
                      ],
                    ],
                  },
                },
              ],
              "Version": "2012-10-17",
            },
            "PolicyName": "LambdaFunctionServiceRolePolicy",
          },
        ],
      },
      "Type": "AWS::IAM::Role",
    },
    "testiotlambdadynamodbstackIotToLambdaLambdaFunctionServiceRoleDefaultPolicyB43AD823": Object {
      "Metadata": Object {
        "cfn_nag": Object {
          "rules_to_suppress": Array [
            Object {
              "id": "W12",
              "reason": "Lambda needs the following minimum required permissions to send trace data to X-Ray and access ENIs in a VPC.",
            },
          ],
        },
      },
      "Properties": Object {
        "PolicyDocument": Object {
          "Statement": Array [
            Object {
              "Action": Array [
                "xray:PutTraceSegments",
                "xray:PutTelemetryRecords",
              ],
              "Effect": "Allow",
              "Resource": "*",
            },
            Object {
              "Action": Array [
                "dynamodb:BatchGetItem",
                "dynamodb:GetRecords",
                "dynamodb:GetShardIterator",
                "dynamodb:Query",
                "dynamodb:GetItem",
                "dynamodb:Scan",
                "dynamodb:ConditionCheckItem",
                "dynamodb:BatchWriteItem",
                "dynamodb:PutItem",
                "dynamodb:UpdateItem",
                "dynamodb:DeleteItem",
              ],
              "Effect": "Allow",
              "Resource": Array [
                Object {
                  "Fn::GetAtt": Array [
                    "testiotlambdadynamodbstackLambdaToDynamoDBDynamoTableE17E5733",
                    "Arn",
                  ],
                },
                Object {
                  "Ref": "AWS::NoValue",
                },
              ],
            },
          ],
          "Version": "2012-10-17",
        },
        "PolicyName": "testiotlambdadynamodbstackIotToLambdaLambdaFunctionServiceRoleDefaultPolicyB43AD823",
        "Roles": Array [
          Object {
            "Ref": "testiotlambdadynamodbstackIotToLambdaLambdaFunctionServiceRoleC57F7FDA",
          },
        ],
      },
      "Type": "AWS::IAM::Policy",
    },
    "testiotlambdadynamodbstackLambdaToDynamoDBDynamoTableE17E5733": Object {
      "DeletionPolicy": "Retain",
      "Properties": Object {
        "AttributeDefinitions": Array [
          Object {
            "AttributeName": "id",
            "AttributeType": "S",
          },
        ],
        "BillingMode": "PAY_PER_REQUEST",
        "KeySchema": Array [
          Object {
            "AttributeName": "id",
            "KeyType": "HASH",
          },
        ],
        "PointInTimeRecoverySpecification": Object {
          "PointInTimeRecoveryEnabled": true,
        },
        "SSESpecification": Object {
          "SSEEnabled": true,
        },
      },
      "Type": "AWS::DynamoDB::Table",
      "UpdateReplacePolicy": "Retain",
    },
  },
}
`;
