// Jest Snapshot v1, https://goo.gl/fbAQLP

exports[`snapshot test CognitoToApiGatewayToLambda default params 1`] = `
Object {
  "Outputs": Object {
    "testcognitoapigatewaylambdaLambdaRestApiEndpointBF0175D7": Object {
      "Value": Object {
        "Fn::Join": Array [
          "",
          Array [
            "https://",
            Object {
              "Ref": "testcognitoapigatewaylambdaLambdaRestApi2E272431",
            },
            ".execute-api.",
            Object {
              "Ref": "AWS::Region",
            },
            ".",
            Object {
              "Ref": "AWS::URLSuffix",
            },
            "/",
            Object {
              "Ref": "testcognitoapigatewaylambdaLambdaRestApiDeploymentStageprod850C17D1",
            },
            "/",
          ],
        ],
      },
    },
  },
  "Parameters": Object {
    "AssetParameters42a35bbf0dec9ef0ac5b0dde87e71a1b8929e8d2d178dd09ccfb2c928ec0198cArtifactHash00A70A91": Object {
      "Description": "Artifact hash for asset \\"42a35bbf0dec9ef0ac5b0dde87e71a1b8929e8d2d178dd09ccfb2c928ec0198c\\"",
      "Type": "String",
    },
    "AssetParameters42a35bbf0dec9ef0ac5b0dde87e71a1b8929e8d2d178dd09ccfb2c928ec0198cS3Bucket1F467BCC": Object {
      "Description": "S3 bucket for asset \\"42a35bbf0dec9ef0ac5b0dde87e71a1b8929e8d2d178dd09ccfb2c928ec0198c\\"",
      "Type": "String",
    },
    "AssetParameters42a35bbf0dec9ef0ac5b0dde87e71a1b8929e8d2d178dd09ccfb2c928ec0198cS3VersionKey9E4F7872": Object {
      "Description": "S3 key for asset version \\"42a35bbf0dec9ef0ac5b0dde87e71a1b8929e8d2d178dd09ccfb2c928ec0198c\\"",
      "Type": "String",
    },
  },
  "Resources": Object {
    "testcognitoapigatewaylambdaApiAccessLogGroup9D0D0917": Object {
      "DeletionPolicy": "Retain",
      "Type": "AWS::Logs::LogGroup",
      "UpdateReplacePolicy": "Retain",
    },
    "testcognitoapigatewaylambdaCognitoAuthorizer170CACC9": Object {
      "Properties": Object {
        "IdentitySource": "method.request.header.Authorization",
        "Name": "authorizer",
        "ProviderARNs": Array [
          Object {
            "Fn::GetAtt": Array [
              "testcognitoapigatewaylambdaCognitoUserPoolD5E74489",
              "Arn",
            ],
          },
        ],
        "RestApiId": Object {
          "Ref": "testcognitoapigatewaylambdaLambdaRestApi2E272431",
        },
        "Type": "COGNITO_USER_POOLS",
      },
      "Type": "AWS::ApiGateway::Authorizer",
    },
    "testcognitoapigatewaylambdaCognitoUserPoolClientDA118627": Object {
      "Properties": Object {
        "AllowedOAuthFlows": Array [
          "implicit",
          "code",
        ],
        "AllowedOAuthFlowsUserPoolClient": true,
        "AllowedOAuthScopes": Array [
          "profile",
          "phone",
          "email",
          "openid",
          "aws.cognito.signin.user.admin",
        ],
        "CallbackURLs": Array [
          "https://example.com",
        ],
        "SupportedIdentityProviders": Array [
          "COGNITO",
        ],
        "UserPoolId": Object {
          "Ref": "testcognitoapigatewaylambdaCognitoUserPoolD5E74489",
        },
      },
      "Type": "AWS::Cognito::UserPoolClient",
    },
    "testcognitoapigatewaylambdaCognitoUserPoolD5E74489": Object {
      "Properties": Object {
        "AccountRecoverySetting": Object {
          "RecoveryMechanisms": Array [
            Object {
              "Name": "verified_phone_number",
              "Priority": 1,
            },
            Object {
              "Name": "verified_email",
              "Priority": 2,
            },
          ],
        },
        "AdminCreateUserConfig": Object {
          "AllowAdminCreateUserOnly": true,
        },
        "EmailVerificationMessage": "The verification code to your new account is {####}",
        "EmailVerificationSubject": "Verify your new account",
        "SmsVerificationMessage": "The verification code to your new account is {####}",
        "UserPoolAddOns": Object {
          "AdvancedSecurityMode": "ENFORCED",
        },
        "VerificationMessageTemplate": Object {
          "DefaultEmailOption": "CONFIRM_WITH_CODE",
          "EmailMessage": "The verification code to your new account is {####}",
          "EmailSubject": "Verify your new account",
          "SmsMessage": "The verification code to your new account is {####}",
        },
      },
      "Type": "AWS::Cognito::UserPool",
    },
    "testcognitoapigatewaylambdaLambdaFunction0C8EAC23": Object {
      "DependsOn": Array [
        "testcognitoapigatewaylambdaLambdaFunctionServiceRole943D8510",
      ],
      "Metadata": Object {
        "cfn_nag": Object {
          "rules_to_suppress": Array [
            Object {
              "id": "W58",
              "reason": "Lambda functions has the required permission to write CloudWatch Logs. It uses custom policy instead of arn:aws:iam::aws:policy/service-role/AWSLambdaBasicExecutionRole with more tighter permissions.",
            },
          ],
        },
      },
      "Properties": Object {
        "Code": Object {
          "S3Bucket": Object {
            "Ref": "AssetParameters42a35bbf0dec9ef0ac5b0dde87e71a1b8929e8d2d178dd09ccfb2c928ec0198cS3Bucket1F467BCC",
          },
          "S3Key": Object {
            "Fn::Join": Array [
              "",
              Array [
                Object {
                  "Fn::Select": Array [
                    0,
                    Object {
                      "Fn::Split": Array [
                        "||",
                        Object {
                          "Ref": "AssetParameters42a35bbf0dec9ef0ac5b0dde87e71a1b8929e8d2d178dd09ccfb2c928ec0198cS3VersionKey9E4F7872",
                        },
                      ],
                    },
                  ],
                },
                Object {
                  "Fn::Select": Array [
                    1,
                    Object {
                      "Fn::Split": Array [
                        "||",
                        Object {
                          "Ref": "AssetParameters42a35bbf0dec9ef0ac5b0dde87e71a1b8929e8d2d178dd09ccfb2c928ec0198cS3VersionKey9E4F7872",
                        },
                      ],
                    },
                  ],
                },
              ],
            ],
          },
        },
        "Environment": Object {
          "Variables": Object {
            "AWS_NODEJS_CONNECTION_REUSE_ENABLED": "1",
          },
        },
        "Handler": "index.handler",
        "Role": Object {
          "Fn::GetAtt": Array [
            "testcognitoapigatewaylambdaLambdaFunctionServiceRole943D8510",
            "Arn",
          ],
        },
        "Runtime": "nodejs10.x",
      },
      "Type": "AWS::Lambda::Function",
    },
    "testcognitoapigatewaylambdaLambdaFunctionServiceRole943D8510": Object {
      "Properties": Object {
        "AssumeRolePolicyDocument": Object {
          "Statement": Array [
            Object {
              "Action": "sts:AssumeRole",
              "Effect": "Allow",
              "Principal": Object {
                "Service": "lambda.amazonaws.com",
              },
            },
          ],
          "Version": "2012-10-17",
        },
        "Policies": Array [
          Object {
            "PolicyDocument": Object {
              "Statement": Array [
                Object {
                  "Action": Array [
                    "logs:CreateLogGroup",
                    "logs:CreateLogStream",
                    "logs:PutLogEvents",
                  ],
                  "Effect": "Allow",
                  "Resource": Object {
                    "Fn::Join": Array [
                      "",
                      Array [
                        "arn:aws:logs:",
                        Object {
                          "Ref": "AWS::Region",
                        },
                        ":",
                        Object {
                          "Ref": "AWS::AccountId",
                        },
                        ":log-group:/aws/lambda/*",
                      ],
                    ],
                  },
                },
              ],
              "Version": "2012-10-17",
            },
            "PolicyName": "LambdaFunctionServiceRolePolicy",
          },
        ],
      },
      "Type": "AWS::IAM::Role",
    },
    "testcognitoapigatewaylambdaLambdaRestApi2E272431": Object {
      "Properties": Object {
        "EndpointConfiguration": Object {
          "Types": Array [
            "EDGE",
          ],
        },
        "Name": "LambdaRestApi",
      },
      "Type": "AWS::ApiGateway::RestApi",
    },
    "testcognitoapigatewaylambdaLambdaRestApiANY1BCFE40A": Object {
      "Properties": Object {
        "AuthorizationType": "COGNITO_USER_POOLS",
        "AuthorizerId": Object {
          "Ref": "testcognitoapigatewaylambdaCognitoAuthorizer170CACC9",
        },
        "HttpMethod": "ANY",
        "Integration": Object {
          "IntegrationHttpMethod": "POST",
          "Type": "AWS_PROXY",
          "Uri": Object {
            "Fn::Join": Array [
              "",
              Array [
                "arn:",
                Object {
                  "Ref": "AWS::Partition",
                },
                ":apigateway:",
                Object {
                  "Ref": "AWS::Region",
                },
                ":lambda:path/2015-03-31/functions/",
                Object {
                  "Fn::GetAtt": Array [
                    "testcognitoapigatewaylambdaLambdaFunction0C8EAC23",
                    "Arn",
                  ],
                },
                "/invocations",
              ],
            ],
          },
        },
        "ResourceId": Object {
          "Fn::GetAtt": Array [
            "testcognitoapigatewaylambdaLambdaRestApi2E272431",
            "RootResourceId",
          ],
        },
        "RestApiId": Object {
          "Ref": "testcognitoapigatewaylambdaLambdaRestApi2E272431",
        },
      },
      "Type": "AWS::ApiGateway::Method",
    },
    "testcognitoapigatewaylambdaLambdaRestApiANYApiPermissionTesttestcognitoapigatewaylambdaLambdaRestApi7DADE73DANY38E57350": Object {
      "Properties": Object {
        "Action": "lambda:InvokeFunction",
        "FunctionName": Object {
          "Fn::GetAtt": Array [
            "testcognitoapigatewaylambdaLambdaFunction0C8EAC23",
            "Arn",
          ],
        },
        "Principal": "apigateway.amazonaws.com",
        "SourceArn": Object {
          "Fn::Join": Array [
            "",
            Array [
              "arn:",
              Object {
                "Ref": "AWS::Partition",
              },
              ":execute-api:",
              Object {
                "Ref": "AWS::Region",
              },
              ":",
              Object {
                "Ref": "AWS::AccountId",
              },
              ":",
              Object {
                "Ref": "testcognitoapigatewaylambdaLambdaRestApi2E272431",
              },
              "/test-invoke-stage/*/",
            ],
          ],
        },
      },
      "Type": "AWS::Lambda::Permission",
    },
    "testcognitoapigatewaylambdaLambdaRestApiANYApiPermissiontestcognitoapigatewaylambdaLambdaRestApi7DADE73DANYCE72E572": Object {
      "Properties": Object {
        "Action": "lambda:InvokeFunction",
        "FunctionName": Object {
          "Fn::GetAtt": Array [
            "testcognitoapigatewaylambdaLambdaFunction0C8EAC23",
            "Arn",
          ],
        },
        "Principal": "apigateway.amazonaws.com",
        "SourceArn": Object {
          "Fn::Join": Array [
            "",
            Array [
              "arn:",
              Object {
                "Ref": "AWS::Partition",
              },
              ":execute-api:",
              Object {
                "Ref": "AWS::Region",
              },
              ":",
              Object {
                "Ref": "AWS::AccountId",
              },
              ":",
              Object {
                "Ref": "testcognitoapigatewaylambdaLambdaRestApi2E272431",
              },
              "/",
              Object {
                "Ref": "testcognitoapigatewaylambdaLambdaRestApiDeploymentStageprod850C17D1",
              },
              "/*/",
            ],
          ],
        },
      },
      "Type": "AWS::Lambda::Permission",
    },
    "testcognitoapigatewaylambdaLambdaRestApiAccountD303BB82": Object {
      "DependsOn": Array [
        "testcognitoapigatewaylambdaLambdaRestApi2E272431",
      ],
      "Properties": Object {
        "CloudWatchRoleArn": Object {
          "Fn::GetAtt": Array [
            "testcognitoapigatewaylambdaLambdaRestApiCloudWatchRole0AC7FF3B",
            "Arn",
          ],
        },
      },
      "Type": "AWS::ApiGateway::Account",
    },
    "testcognitoapigatewaylambdaLambdaRestApiCloudWatchRole0AC7FF3B": Object {
      "Properties": Object {
        "AssumeRolePolicyDocument": Object {
          "Statement": Array [
            Object {
              "Action": "sts:AssumeRole",
              "Effect": "Allow",
              "Principal": Object {
                "Service": "apigateway.amazonaws.com",
              },
            },
          ],
          "Version": "2012-10-17",
        },
        "Policies": Array [
          Object {
            "PolicyDocument": Object {
              "Statement": Array [
                Object {
                  "Action": Array [
                    "logs:CreateLogGroup",
                    "logs:CreateLogStream",
                    "logs:DescribeLogGroups",
                    "logs:DescribeLogStreams",
                    "logs:PutLogEvents",
                    "logs:GetLogEvents",
                    "logs:FilterLogEvents",
                  ],
                  "Effect": "Allow",
                  "Resource": Object {
                    "Fn::Join": Array [
                      "",
                      Array [
                        "arn:aws:logs:",
                        Object {
                          "Ref": "AWS::Region",
                        },
                        ":",
                        Object {
                          "Ref": "AWS::AccountId",
                        },
                        ":*",
                      ],
                    ],
                  },
                },
              ],
              "Version": "2012-10-17",
            },
            "PolicyName": "LambdaRestApiCloudWatchRolePolicy",
          },
        ],
      },
      "Type": "AWS::IAM::Role",
    },
    "testcognitoapigatewaylambdaLambdaRestApiDeployment96AFD8CA5d8e3257747e529ac6f9e48e8d20548e": Object {
      "DependsOn": Array [
        "testcognitoapigatewaylambdaLambdaRestApiproxyANY18BA6246",
        "testcognitoapigatewaylambdaLambdaRestApiproxy23E1DA20",
        "testcognitoapigatewaylambdaLambdaRestApiANY1BCFE40A",
      ],
      "Metadata": Object {
        "cfn_nag": Object {
          "rules_to_suppress": Array [
            Object {
              "id": "W45",
              "reason": "ApiGateway has AccessLogging enabled in AWS::ApiGateway::Stage resource, but cfn_nag checkes for it in AWS::ApiGateway::Deployment resource",
            },
          ],
        },
      },
      "Properties": Object {
        "Description": "Automatically created by the RestApi construct",
        "RestApiId": Object {
          "Ref": "testcognitoapigatewaylambdaLambdaRestApi2E272431",
        },
      },
      "Type": "AWS::ApiGateway::Deployment",
    },
    "testcognitoapigatewaylambdaLambdaRestApiDeploymentStageprod850C17D1": Object {
      "Properties": Object {
        "AccessLogSetting": Object {
          "DestinationArn": Object {
            "Fn::GetAtt": Array [
              "testcognitoapigatewaylambdaApiAccessLogGroup9D0D0917",
              "Arn",
            ],
          },
          "Format": "{\\"requestId\\":\\"$context.requestId\\",\\"ip\\":\\"$context.identity.sourceIp\\",\\"user\\":\\"$context.identity.user\\",\\"caller\\":\\"$context.identity.caller\\",\\"requestTime\\":\\"$context.requestTime\\",\\"httpMethod\\":\\"$context.httpMethod\\",\\"resourcePath\\":\\"$context.resourcePath\\",\\"status\\":\\"$context.status\\",\\"protocol\\":\\"$context.protocol\\",\\"responseLength\\":\\"$context.responseLength\\"}",
        },
        "DeploymentId": Object {
          "Ref": "testcognitoapigatewaylambdaLambdaRestApiDeployment96AFD8CA5d8e3257747e529ac6f9e48e8d20548e",
        },
        "MethodSettings": Array [
          Object {
            "DataTraceEnabled": true,
            "HttpMethod": "*",
            "LoggingLevel": "INFO",
            "ResourcePath": "/*",
          },
        ],
        "RestApiId": Object {
          "Ref": "testcognitoapigatewaylambdaLambdaRestApi2E272431",
        },
        "StageName": "prod",
      },
      "Type": "AWS::ApiGateway::Stage",
    },
    "testcognitoapigatewaylambdaLambdaRestApiUsagePlan75371896": Object {
      "Properties": Object {
        "ApiStages": Array [
          Object {
            "ApiId": Object {
              "Ref": "testcognitoapigatewaylambdaLambdaRestApi2E272431",
            },
            "Stage": Object {
              "Ref": "testcognitoapigatewaylambdaLambdaRestApiDeploymentStageprod850C17D1",
            },
            "Throttle": Object {},
          },
        ],
      },
      "Type": "AWS::ApiGateway::UsagePlan",
    },
    "testcognitoapigatewaylambdaLambdaRestApiproxy23E1DA20": Object {
      "Properties": Object {
        "ParentId": Object {
          "Fn::GetAtt": Array [
            "testcognitoapigatewaylambdaLambdaRestApi2E272431",
            "RootResourceId",
          ],
        },
        "PathPart": "{proxy+}",
        "RestApiId": Object {
          "Ref": "testcognitoapigatewaylambdaLambdaRestApi2E272431",
        },
      },
      "Type": "AWS::ApiGateway::Resource",
    },
    "testcognitoapigatewaylambdaLambdaRestApiproxyANY18BA6246": Object {
      "Properties": Object {
        "AuthorizationType": "COGNITO_USER_POOLS",
        "AuthorizerId": Object {
          "Ref": "testcognitoapigatewaylambdaCognitoAuthorizer170CACC9",
        },
        "HttpMethod": "ANY",
        "Integration": Object {
          "IntegrationHttpMethod": "POST",
          "Type": "AWS_PROXY",
          "Uri": Object {
            "Fn::Join": Array [
              "",
              Array [
                "arn:",
                Object {
                  "Ref": "AWS::Partition",
                },
                ":apigateway:",
                Object {
                  "Ref": "AWS::Region",
                },
                ":lambda:path/2015-03-31/functions/",
                Object {
                  "Fn::GetAtt": Array [
                    "testcognitoapigatewaylambdaLambdaFunction0C8EAC23",
                    "Arn",
                  ],
                },
                "/invocations",
              ],
            ],
          },
        },
        "ResourceId": Object {
          "Ref": "testcognitoapigatewaylambdaLambdaRestApiproxy23E1DA20",
        },
        "RestApiId": Object {
          "Ref": "testcognitoapigatewaylambdaLambdaRestApi2E272431",
        },
      },
      "Type": "AWS::ApiGateway::Method",
    },
    "testcognitoapigatewaylambdaLambdaRestApiproxyANYApiPermissionTesttestcognitoapigatewaylambdaLambdaRestApi7DADE73DANYproxyE7ABD170": Object {
      "Properties": Object {
        "Action": "lambda:InvokeFunction",
        "FunctionName": Object {
          "Fn::GetAtt": Array [
            "testcognitoapigatewaylambdaLambdaFunction0C8EAC23",
            "Arn",
          ],
        },
        "Principal": "apigateway.amazonaws.com",
        "SourceArn": Object {
          "Fn::Join": Array [
            "",
            Array [
              "arn:",
              Object {
                "Ref": "AWS::Partition",
              },
              ":execute-api:",
              Object {
                "Ref": "AWS::Region",
              },
              ":",
              Object {
                "Ref": "AWS::AccountId",
              },
              ":",
              Object {
                "Ref": "testcognitoapigatewaylambdaLambdaRestApi2E272431",
              },
              "/test-invoke-stage/*/*",
            ],
          ],
        },
      },
      "Type": "AWS::Lambda::Permission",
    },
    "testcognitoapigatewaylambdaLambdaRestApiproxyANYApiPermissiontestcognitoapigatewaylambdaLambdaRestApi7DADE73DANYproxyE8E57826": Object {
      "Properties": Object {
        "Action": "lambda:InvokeFunction",
        "FunctionName": Object {
          "Fn::GetAtt": Array [
            "testcognitoapigatewaylambdaLambdaFunction0C8EAC23",
            "Arn",
          ],
        },
        "Principal": "apigateway.amazonaws.com",
        "SourceArn": Object {
          "Fn::Join": Array [
            "",
            Array [
              "arn:",
              Object {
                "Ref": "AWS::Partition",
              },
              ":execute-api:",
              Object {
                "Ref": "AWS::Region",
              },
              ":",
              Object {
                "Ref": "AWS::AccountId",
              },
              ":",
              Object {
                "Ref": "testcognitoapigatewaylambdaLambdaRestApi2E272431",
              },
              "/",
              Object {
                "Ref": "testcognitoapigatewaylambdaLambdaRestApiDeploymentStageprod850C17D1",
              },
              "/*/*",
            ],
          ],
        },
      },
      "Type": "AWS::Lambda::Permission",
    },
  },
}
`;
