// Jest Snapshot v1, https://goo.gl/fbAQLP

exports[`create default CfnTable 1`] = `
Object {
  "Resources": Object {
    "GlueDatabase": Object {
      "Properties": Object {
        "CatalogId": Object {
          "Ref": "AWS::AccountId",
        },
        "DatabaseInput": Object {
          "Description": "A Glue database table",
        },
      },
      "Type": "AWS::Glue::Database",
    },
    "GlueTable": Object {
      "Properties": Object {
        "CatalogId": Object {
          "Ref": "AWS::AccountId",
        },
        "DatabaseName": Object {
          "Ref": "GlueDatabase",
        },
        "TableInput": Object {
          "Parameters": Object {
            "classication": "json",
          },
          "StorageDescriptor": Object {
            "Columns": Array [
              Object {
                "Comment": "Identifier for the record",
                "Name": "id",
                "Type": "int",
              },
              Object {
                "Comment": "The name of the record",
                "Name": "name",
                "Type": "string",
              },
              Object {
                "Comment": "The type of the record",
                "Name": "type",
                "Type": "string",
              },
              Object {
                "Comment": "Some value associated with the record",
                "Name": "numericvalue",
                "Type": "int",
              },
            ],
            "Compressed": false,
            "InputFormat": "org.apache.hadoop.mapred.TextInputFormat",
            "Location": "fakeStreamName",
            "NumberOfBuckets": -1,
            "OutputFormat": "org.apache.hadoop.hive.ql.io.HiveIgnoreKeyTextOutputFormat",
            "Parameters": Object {
              "endpointUrl": Object {
                "Fn::Join": Array [
                  "",
                  Array [
                    "https://kinesis.",
                    Object {
                      "Ref": "AWS::Region",
                    },
                    ".amazonaws.com",
                  ],
                ],
              },
              "streamName": "fakeStreamName",
              "typeOfData": "kinesis",
            },
            "SerdeInfo": Object {
              "Parameters": Object {
                "paths": "",
              },
              "SerializationLibrary": "org.openx.data.jsonserde.JsonSerDe",
            },
          },
          "TableType": "EXTERNAL_TABLE",
        },
      },
      "Type": "AWS::Glue::Table",
    },
  },
}
`;
