// Jest Snapshot v1, https://goo.gl/fbAQLP

exports[`snapshot test kinesisstream default params 1`] = `
Object {
  "Resources": Object {
    "KinesisStream46752A3E": Object {
      "Properties": Object {
        "RetentionPeriodHours": 24,
        "ShardCount": 1,
        "StreamEncryption": Object {
          "EncryptionType": "KMS",
          "KeyId": "alias/aws/kinesis",
        },
      },
      "Type": "AWS::Kinesis::Stream",
    },
  },
}
`;
